TERDAFTAR
TERDAFTAR
TERDAFTAR
TERDAFTAR
TERDAFTAR
TERDAFTAR
TERDAFTAR
TERDAFTAR
TERDAFTAR
TERDAFTAR
TERDAFTAR
TERDAFTAR
TERDAFTAR
TERDAFTAR
TERDAFTAR
TERDAFTAR
TERDAFTAR
TERDAFTAR
TERDAFTAR
TERDAFTAR
TERDAFTAR
TERDAFTAR
TERDAFTAR
TERDAFTAR
TERDAFTAR
TERDAFTAR
TERDAFTAR
TERDAFTAR
TERDAFTAR
TERDAFTAR
ANTRIAN PENUH
PANGGIL 100 Pasien0
TERDAFTAR
